
C:\Users\hk100\Desktop\War-prediction\Crawling\ViewerCpp\x64\Debug\vtkChartsCore-9.3d.dll
C:\Users\hk100\Desktop\War-prediction\Crawling\ViewerCpp\x64\Debug\vtkRenderingContext2D-9.3d.dll
C:\Users\hk100\Desktop\War-prediction\Crawling\ViewerCpp\x64\Debug\vtkRenderingFreeType-9.3d.dll
C:\Users\hk100\Desktop\War-prediction\Crawling\ViewerCpp\x64\Debug\vtkRenderingCore-9.3d.dll
C:\Users\hk100\Desktop\War-prediction\Crawling\ViewerCpp\x64\Debug\vtkCommonColor-9.3d.dll
C:\Users\hk100\Desktop\War-prediction\Crawling\ViewerCpp\x64\Debug\vtkCommonCore-9.3d.dll
C:\Users\hk100\Desktop\War-prediction\Crawling\ViewerCpp\x64\Debug\vtksys-9.3d.dll
C:\Users\hk100\Desktop\War-prediction\Crawling\ViewerCpp\x64\Debug\vtktoken-9.3d.dll
C:\Users\hk100\Desktop\War-prediction\Crawling\ViewerCpp\x64\Debug\vtkloguru-9.3d.dll
C:\Users\hk100\Desktop\War-prediction\Crawling\ViewerCpp\x64\Debug\vtkFiltersSources-9.3d.dll
C:\Users\hk100\Desktop\War-prediction\Crawling\ViewerCpp\x64\Debug\vtkFiltersGeneral-9.3d.dll
C:\Users\hk100\Desktop\War-prediction\Crawling\ViewerCpp\x64\Debug\vtkCommonComputationalGeometry-9.3d.dll
C:\Users\hk100\Desktop\War-prediction\Crawling\ViewerCpp\x64\Debug\vtkCommonDataModel-9.3d.dll
C:\Users\hk100\Desktop\War-prediction\Crawling\ViewerCpp\x64\Debug\vtkCommonTransforms-9.3d.dll
C:\Users\hk100\Desktop\War-prediction\Crawling\ViewerCpp\x64\Debug\vtkCommonMath-9.3d.dll
C:\Users\hk100\Desktop\War-prediction\Crawling\ViewerCpp\x64\Debug\vtkkissfft-9.3d.dll
C:\Users\hk100\Desktop\War-prediction\Crawling\ViewerCpp\x64\Debug\vtkCommonMisc-9.3d.dll
C:\Users\hk100\Desktop\War-prediction\Crawling\ViewerCpp\x64\Debug\vtkCommonSystem-9.3d.dll
C:\Users\hk100\Desktop\War-prediction\Crawling\ViewerCpp\x64\Debug\pugixml.dll
C:\Users\hk100\Desktop\War-prediction\Crawling\ViewerCpp\x64\Debug\vtkFiltersVerdict-9.3d.dll
C:\Users\hk100\Desktop\War-prediction\Crawling\ViewerCpp\x64\Debug\vtkFiltersGeometry-9.3d.dll
C:\Users\hk100\Desktop\War-prediction\Crawling\ViewerCpp\x64\Debug\vtkFiltersCore-9.3d.dll
C:\Users\hk100\Desktop\War-prediction\Crawling\ViewerCpp\x64\Debug\vtkCommonExecutionModel-9.3d.dll
C:\Users\hk100\Desktop\War-prediction\Crawling\ViewerCpp\x64\Debug\verdict.dll
C:\Users\hk100\Desktop\War-prediction\Crawling\ViewerCpp\x64\Debug\fmtd.dll
C:\Users\hk100\Desktop\War-prediction\Crawling\ViewerCpp\x64\Debug\freetyped.dll
C:\Users\hk100\Desktop\War-prediction\Crawling\ViewerCpp\x64\Debug\zd.dll
C:\Users\hk100\Desktop\War-prediction\Crawling\ViewerCpp\x64\Debug\bz2d.dll
C:\Users\hk100\Desktop\War-prediction\Crawling\ViewerCpp\x64\Debug\libpng16d.dll
C:\Users\hk100\Desktop\War-prediction\Crawling\ViewerCpp\x64\Debug\brotlidec.dll
C:\Users\hk100\Desktop\War-prediction\Crawling\ViewerCpp\x64\Debug\brotlicommon.dll
C:\Users\hk100\Desktop\War-prediction\Crawling\ViewerCpp\x64\Debug\vtkInfovisCore-9.3d.dll
C:\Users\hk100\Desktop\War-prediction\Crawling\ViewerCpp\x64\Debug\vtkIOImage-9.3d.dll
C:\Users\hk100\Desktop\War-prediction\Crawling\ViewerCpp\x64\Debug\vtkImagingCore-9.3d.dll
C:\Users\hk100\Desktop\War-prediction\Crawling\ViewerCpp\x64\Debug\vtkDICOMParser-9.3d.dll
C:\Users\hk100\Desktop\War-prediction\Crawling\ViewerCpp\x64\Debug\vtkmetaio-9.3d.dll
C:\Users\hk100\Desktop\War-prediction\Crawling\ViewerCpp\x64\Debug\jpeg62.dll
C:\Users\hk100\Desktop\War-prediction\Crawling\ViewerCpp\x64\Debug\tiffd.dll
C:\Users\hk100\Desktop\War-prediction\Crawling\ViewerCpp\x64\Debug\liblzma.dll
C:\Users\hk100\Desktop\War-prediction\Crawling\ViewerCpp\x64\Debug\vtkImagingSources-9.3d.dll
C:\Users\hk100\Desktop\War-prediction\Crawling\ViewerCpp\x64\Debug\vtkFiltersExtraction-9.3d.dll
C:\Users\hk100\Desktop\War-prediction\Crawling\ViewerCpp\x64\Debug\vtkFiltersHyperTree-9.3d.dll
C:\Users\hk100\Desktop\War-prediction\Crawling\ViewerCpp\x64\Debug\vtkFiltersStatistics-9.3d.dll
C:\Users\hk100\Desktop\War-prediction\Crawling\ViewerCpp\x64\Debug\vtkParallelDIY-9.3d.dll
C:\Users\hk100\Desktop\War-prediction\Crawling\ViewerCpp\x64\Debug\vtkParallelCore-9.3d.dll
C:\Users\hk100\Desktop\War-prediction\Crawling\ViewerCpp\x64\Debug\vtkIOLegacy-9.3d.dll
C:\Users\hk100\Desktop\War-prediction\Crawling\ViewerCpp\x64\Debug\vtkIOCore-9.3d.dll
C:\Users\hk100\Desktop\War-prediction\Crawling\ViewerCpp\x64\Debug\double-conversion.dll
C:\Users\hk100\Desktop\War-prediction\Crawling\ViewerCpp\x64\Debug\lz4d.dll
C:\Users\hk100\Desktop\War-prediction\Crawling\ViewerCpp\x64\Debug\vtkIOXML-9.3d.dll
C:\Users\hk100\Desktop\War-prediction\Crawling\ViewerCpp\x64\Debug\vtkIOXMLParser-9.3d.dll
C:\Users\hk100\Desktop\War-prediction\Crawling\ViewerCpp\x64\Debug\libexpatd.dll
C:\Users\hk100\Desktop\War-prediction\Crawling\ViewerCpp\x64\Debug\vtkInteractionStyle-9.3d.dll
C:\Users\hk100\Desktop\War-prediction\Crawling\ViewerCpp\x64\Debug\vtkRenderingContextOpenGL2-9.3d.dll
C:\Users\hk100\Desktop\War-prediction\Crawling\ViewerCpp\x64\Debug\vtkRenderingOpenGL2-9.3d.dll
C:\Users\hk100\Desktop\War-prediction\Crawling\ViewerCpp\x64\Debug\vtkRenderingHyperTreeGrid-9.3d.dll
C:\Users\hk100\Desktop\War-prediction\Crawling\ViewerCpp\x64\Debug\vtkFiltersHybrid-9.3d.dll
C:\Users\hk100\Desktop\War-prediction\Crawling\ViewerCpp\x64\Debug\vtkRenderingUI-9.3d.dll
C:\Users\hk100\Desktop\War-prediction\Crawling\ViewerCpp\x64\Debug\glew32d.dll
C:\Users\hk100\Desktop\War-prediction\Crawling\ViewerCpp\x64\Debug\vtkViewsContext2D-9.3d.dll
C:\Users\hk100\Desktop\War-prediction\Crawling\ViewerCpp\x64\Debug\vtkViewsCore-9.3d.dll
