
C:\Users\hk100\Desktop\War-prediction\Crawling\ViewerCpp\x64\Release\vtkChartsCore-9.3.dll
C:\Users\hk100\Desktop\War-prediction\Crawling\ViewerCpp\x64\Release\vtkRenderingContext2D-9.3.dll
C:\Users\hk100\Desktop\War-prediction\Crawling\ViewerCpp\x64\Release\vtkRenderingFreeType-9.3.dll
C:\Users\hk100\Desktop\War-prediction\Crawling\ViewerCpp\x64\Release\vtkRenderingCore-9.3.dll
C:\Users\hk100\Desktop\War-prediction\Crawling\ViewerCpp\x64\Release\vtkCommonColor-9.3.dll
C:\Users\hk100\Desktop\War-prediction\Crawling\ViewerCpp\x64\Release\vtkCommonCore-9.3.dll
C:\Users\hk100\Desktop\War-prediction\Crawling\ViewerCpp\x64\Release\vtksys-9.3.dll
C:\Users\hk100\Desktop\War-prediction\Crawling\ViewerCpp\x64\Release\vtktoken-9.3.dll
C:\Users\hk100\Desktop\War-prediction\Crawling\ViewerCpp\x64\Release\vtkloguru-9.3.dll
C:\Users\hk100\Desktop\War-prediction\Crawling\ViewerCpp\x64\Release\vtkFiltersSources-9.3.dll
C:\Users\hk100\Desktop\War-prediction\Crawling\ViewerCpp\x64\Release\vtkFiltersGeneral-9.3.dll
C:\Users\hk100\Desktop\War-prediction\Crawling\ViewerCpp\x64\Release\vtkCommonComputationalGeometry-9.3.dll
C:\Users\hk100\Desktop\War-prediction\Crawling\ViewerCpp\x64\Release\vtkCommonDataModel-9.3.dll
C:\Users\hk100\Desktop\War-prediction\Crawling\ViewerCpp\x64\Release\vtkCommonTransforms-9.3.dll
C:\Users\hk100\Desktop\War-prediction\Crawling\ViewerCpp\x64\Release\vtkCommonMath-9.3.dll
C:\Users\hk100\Desktop\War-prediction\Crawling\ViewerCpp\x64\Release\vtkkissfft-9.3.dll
C:\Users\hk100\Desktop\War-prediction\Crawling\ViewerCpp\x64\Release\vtkCommonMisc-9.3.dll
C:\Users\hk100\Desktop\War-prediction\Crawling\ViewerCpp\x64\Release\vtkCommonSystem-9.3.dll
C:\Users\hk100\Desktop\War-prediction\Crawling\ViewerCpp\x64\Release\pugixml.dll
C:\Users\hk100\Desktop\War-prediction\Crawling\ViewerCpp\x64\Release\vtkFiltersVerdict-9.3.dll
C:\Users\hk100\Desktop\War-prediction\Crawling\ViewerCpp\x64\Release\vtkFiltersGeometry-9.3.dll
C:\Users\hk100\Desktop\War-prediction\Crawling\ViewerCpp\x64\Release\vtkFiltersCore-9.3.dll
C:\Users\hk100\Desktop\War-prediction\Crawling\ViewerCpp\x64\Release\vtkCommonExecutionModel-9.3.dll
C:\Users\hk100\Desktop\War-prediction\Crawling\ViewerCpp\x64\Release\verdict.dll
C:\Users\hk100\Desktop\War-prediction\Crawling\ViewerCpp\x64\Release\fmt.dll
C:\Users\hk100\Desktop\War-prediction\Crawling\ViewerCpp\x64\Release\freetype.dll
C:\Users\hk100\Desktop\War-prediction\Crawling\ViewerCpp\x64\Release\z.dll
C:\Users\hk100\Desktop\War-prediction\Crawling\ViewerCpp\x64\Release\bz2.dll
C:\Users\hk100\Desktop\War-prediction\Crawling\ViewerCpp\x64\Release\libpng16.dll
C:\Users\hk100\Desktop\War-prediction\Crawling\ViewerCpp\x64\Release\brotlidec.dll
C:\Users\hk100\Desktop\War-prediction\Crawling\ViewerCpp\x64\Release\brotlicommon.dll
C:\Users\hk100\Desktop\War-prediction\Crawling\ViewerCpp\x64\Release\vtkInfovisCore-9.3.dll
C:\Users\hk100\Desktop\War-prediction\Crawling\ViewerCpp\x64\Release\vtkIOImage-9.3.dll
C:\Users\hk100\Desktop\War-prediction\Crawling\ViewerCpp\x64\Release\vtkImagingCore-9.3.dll
C:\Users\hk100\Desktop\War-prediction\Crawling\ViewerCpp\x64\Release\vtkDICOMParser-9.3.dll
C:\Users\hk100\Desktop\War-prediction\Crawling\ViewerCpp\x64\Release\vtkmetaio-9.3.dll
C:\Users\hk100\Desktop\War-prediction\Crawling\ViewerCpp\x64\Release\jpeg62.dll
C:\Users\hk100\Desktop\War-prediction\Crawling\ViewerCpp\x64\Release\tiff.dll
C:\Users\hk100\Desktop\War-prediction\Crawling\ViewerCpp\x64\Release\liblzma.dll
C:\Users\hk100\Desktop\War-prediction\Crawling\ViewerCpp\x64\Release\vtkImagingSources-9.3.dll
C:\Users\hk100\Desktop\War-prediction\Crawling\ViewerCpp\x64\Release\vtkFiltersExtraction-9.3.dll
C:\Users\hk100\Desktop\War-prediction\Crawling\ViewerCpp\x64\Release\vtkFiltersHyperTree-9.3.dll
C:\Users\hk100\Desktop\War-prediction\Crawling\ViewerCpp\x64\Release\vtkFiltersStatistics-9.3.dll
C:\Users\hk100\Desktop\War-prediction\Crawling\ViewerCpp\x64\Release\vtkParallelDIY-9.3.dll
C:\Users\hk100\Desktop\War-prediction\Crawling\ViewerCpp\x64\Release\vtkParallelCore-9.3.dll
C:\Users\hk100\Desktop\War-prediction\Crawling\ViewerCpp\x64\Release\vtkIOLegacy-9.3.dll
C:\Users\hk100\Desktop\War-prediction\Crawling\ViewerCpp\x64\Release\vtkIOCore-9.3.dll
C:\Users\hk100\Desktop\War-prediction\Crawling\ViewerCpp\x64\Release\double-conversion.dll
C:\Users\hk100\Desktop\War-prediction\Crawling\ViewerCpp\x64\Release\lz4.dll
C:\Users\hk100\Desktop\War-prediction\Crawling\ViewerCpp\x64\Release\vtkIOXML-9.3.dll
C:\Users\hk100\Desktop\War-prediction\Crawling\ViewerCpp\x64\Release\vtkIOXMLParser-9.3.dll
C:\Users\hk100\Desktop\War-prediction\Crawling\ViewerCpp\x64\Release\libexpat.dll
C:\Users\hk100\Desktop\War-prediction\Crawling\ViewerCpp\x64\Release\vtkInteractionStyle-9.3.dll
C:\Users\hk100\Desktop\War-prediction\Crawling\ViewerCpp\x64\Release\vtkRenderingContextOpenGL2-9.3.dll
C:\Users\hk100\Desktop\War-prediction\Crawling\ViewerCpp\x64\Release\vtkRenderingOpenGL2-9.3.dll
C:\Users\hk100\Desktop\War-prediction\Crawling\ViewerCpp\x64\Release\vtkRenderingHyperTreeGrid-9.3.dll
C:\Users\hk100\Desktop\War-prediction\Crawling\ViewerCpp\x64\Release\vtkFiltersHybrid-9.3.dll
C:\Users\hk100\Desktop\War-prediction\Crawling\ViewerCpp\x64\Release\vtkRenderingUI-9.3.dll
C:\Users\hk100\Desktop\War-prediction\Crawling\ViewerCpp\x64\Release\glew32.dll
C:\Users\hk100\Desktop\War-prediction\Crawling\ViewerCpp\x64\Release\vtkViewsContext2D-9.3.dll
C:\Users\hk100\Desktop\War-prediction\Crawling\ViewerCpp\x64\Release\vtkViewsCore-9.3.dll
