c:\users\hk100\desktop\war-prediction\crawling\viewercpp\viewercpp\x64\release\vc145.pdb
c:\users\hk100\desktop\war-prediction\crawling\viewercpp\viewercpp\x64\release\preview.obj
c:\users\hk100\desktop\war-prediction\crawling\viewercpp\viewercpp\x64\release\main.obj
c:\users\hk100\desktop\war-prediction\crawling\viewercpp\viewercpp\x64\release\scatterviewer.obj
c:\users\hk100\desktop\war-prediction\crawling\viewercpp\viewercpp\x64\release\histogramviewer.obj
c:\users\hk100\desktop\war-prediction\crawling\viewercpp\viewercpp\x64\release\boxplotviewer.obj
c:\users\hk100\desktop\war-prediction\crawling\viewercpp\viewercpp\x64\release\linechartviewer.obj
c:\users\hk100\desktop\war-prediction\crawling\viewercpp\viewercpp\x64\release\escalationviewer.obj
c:\users\hk100\desktop\war-prediction\crawling\viewercpp\viewercpp\x64\release\tonedropviewer.obj
c:\users\hk100\desktop\war-prediction\crawling\viewercpp\viewercpp\x64\release\deathcrossviewer.obj
c:\users\hk100\desktop\war-prediction\crawling\viewercpp\viewercpp\x64\release\multilinechartviewer.obj
c:\users\hk100\desktop\war-prediction\crawling\viewercpp\viewercpp\x64\release\interactivegroupviewer.obj
c:\users\hk100\desktop\war-prediction\crawling\viewercpp\x64\release\viewercpp.exe
c:\users\hk100\desktop\war-prediction\crawling\viewercpp\x64\release\viewercpp.pdb
c:\users\hk100\desktop\war-prediction\crawling\viewercpp\x64\release\vtkchartscore-9.3.dll
c:\users\hk100\desktop\war-prediction\crawling\viewercpp\x64\release\vtkrenderingcontext2d-9.3.dll
c:\users\hk100\desktop\war-prediction\crawling\viewercpp\x64\release\vtkrenderingfreetype-9.3.dll
c:\users\hk100\desktop\war-prediction\crawling\viewercpp\x64\release\vtkrenderingcore-9.3.dll
c:\users\hk100\desktop\war-prediction\crawling\viewercpp\x64\release\vtkcommoncolor-9.3.dll
c:\users\hk100\desktop\war-prediction\crawling\viewercpp\x64\release\vtkcommoncore-9.3.dll
c:\users\hk100\desktop\war-prediction\crawling\viewercpp\x64\release\vtksys-9.3.dll
c:\users\hk100\desktop\war-prediction\crawling\viewercpp\x64\release\vtktoken-9.3.dll
c:\users\hk100\desktop\war-prediction\crawling\viewercpp\x64\release\vtkloguru-9.3.dll
c:\users\hk100\desktop\war-prediction\crawling\viewercpp\x64\release\vtkfilterssources-9.3.dll
c:\users\hk100\desktop\war-prediction\crawling\viewercpp\x64\release\vtkfiltersgeneral-9.3.dll
c:\users\hk100\desktop\war-prediction\crawling\viewercpp\x64\release\vtkcommoncomputationalgeometry-9.3.dll
c:\users\hk100\desktop\war-prediction\crawling\viewercpp\x64\release\vtkcommondatamodel-9.3.dll
c:\users\hk100\desktop\war-prediction\crawling\viewercpp\x64\release\vtkcommontransforms-9.3.dll
c:\users\hk100\desktop\war-prediction\crawling\viewercpp\x64\release\vtkcommonmath-9.3.dll
c:\users\hk100\desktop\war-prediction\crawling\viewercpp\x64\release\vtkkissfft-9.3.dll
c:\users\hk100\desktop\war-prediction\crawling\viewercpp\x64\release\vtkcommonmisc-9.3.dll
c:\users\hk100\desktop\war-prediction\crawling\viewercpp\x64\release\vtkcommonsystem-9.3.dll
c:\users\hk100\desktop\war-prediction\crawling\viewercpp\x64\release\pugixml.dll
c:\users\hk100\desktop\war-prediction\crawling\viewercpp\x64\release\vtkfiltersverdict-9.3.dll
c:\users\hk100\desktop\war-prediction\crawling\viewercpp\x64\release\vtkfiltersgeometry-9.3.dll
c:\users\hk100\desktop\war-prediction\crawling\viewercpp\x64\release\vtkfilterscore-9.3.dll
c:\users\hk100\desktop\war-prediction\crawling\viewercpp\x64\release\vtkcommonexecutionmodel-9.3.dll
c:\users\hk100\desktop\war-prediction\crawling\viewercpp\x64\release\verdict.dll
c:\users\hk100\desktop\war-prediction\crawling\viewercpp\x64\release\fmt.dll
c:\users\hk100\desktop\war-prediction\crawling\viewercpp\x64\release\freetype.dll
c:\users\hk100\desktop\war-prediction\crawling\viewercpp\x64\release\z.dll
c:\users\hk100\desktop\war-prediction\crawling\viewercpp\x64\release\bz2.dll
c:\users\hk100\desktop\war-prediction\crawling\viewercpp\x64\release\libpng16.dll
c:\users\hk100\desktop\war-prediction\crawling\viewercpp\x64\release\brotlidec.dll
c:\users\hk100\desktop\war-prediction\crawling\viewercpp\x64\release\brotlicommon.dll
c:\users\hk100\desktop\war-prediction\crawling\viewercpp\x64\release\vtkinfoviscore-9.3.dll
c:\users\hk100\desktop\war-prediction\crawling\viewercpp\x64\release\vtkioimage-9.3.dll
c:\users\hk100\desktop\war-prediction\crawling\viewercpp\x64\release\vtkimagingcore-9.3.dll
c:\users\hk100\desktop\war-prediction\crawling\viewercpp\x64\release\vtkdicomparser-9.3.dll
c:\users\hk100\desktop\war-prediction\crawling\viewercpp\x64\release\vtkmetaio-9.3.dll
c:\users\hk100\desktop\war-prediction\crawling\viewercpp\x64\release\jpeg62.dll
c:\users\hk100\desktop\war-prediction\crawling\viewercpp\x64\release\tiff.dll
c:\users\hk100\desktop\war-prediction\crawling\viewercpp\x64\release\liblzma.dll
c:\users\hk100\desktop\war-prediction\crawling\viewercpp\x64\release\vtkimagingsources-9.3.dll
c:\users\hk100\desktop\war-prediction\crawling\viewercpp\x64\release\vtkfiltersextraction-9.3.dll
c:\users\hk100\desktop\war-prediction\crawling\viewercpp\x64\release\vtkfiltershypertree-9.3.dll
c:\users\hk100\desktop\war-prediction\crawling\viewercpp\x64\release\vtkfiltersstatistics-9.3.dll
c:\users\hk100\desktop\war-prediction\crawling\viewercpp\x64\release\vtkparalleldiy-9.3.dll
c:\users\hk100\desktop\war-prediction\crawling\viewercpp\x64\release\vtkparallelcore-9.3.dll
c:\users\hk100\desktop\war-prediction\crawling\viewercpp\x64\release\vtkiolegacy-9.3.dll
c:\users\hk100\desktop\war-prediction\crawling\viewercpp\x64\release\vtkiocore-9.3.dll
c:\users\hk100\desktop\war-prediction\crawling\viewercpp\x64\release\double-conversion.dll
c:\users\hk100\desktop\war-prediction\crawling\viewercpp\x64\release\lz4.dll
c:\users\hk100\desktop\war-prediction\crawling\viewercpp\x64\release\vtkioxml-9.3.dll
c:\users\hk100\desktop\war-prediction\crawling\viewercpp\x64\release\vtkioxmlparser-9.3.dll
c:\users\hk100\desktop\war-prediction\crawling\viewercpp\x64\release\libexpat.dll
c:\users\hk100\desktop\war-prediction\crawling\viewercpp\x64\release\vtkinteractionstyle-9.3.dll
c:\users\hk100\desktop\war-prediction\crawling\viewercpp\x64\release\vtkrenderingcontextopengl2-9.3.dll
c:\users\hk100\desktop\war-prediction\crawling\viewercpp\x64\release\vtkrenderingopengl2-9.3.dll
c:\users\hk100\desktop\war-prediction\crawling\viewercpp\x64\release\vtkrenderinghypertreegrid-9.3.dll
c:\users\hk100\desktop\war-prediction\crawling\viewercpp\x64\release\vtkfiltershybrid-9.3.dll
c:\users\hk100\desktop\war-prediction\crawling\viewercpp\x64\release\vtkrenderingui-9.3.dll
c:\users\hk100\desktop\war-prediction\crawling\viewercpp\x64\release\glew32.dll
c:\users\hk100\desktop\war-prediction\crawling\viewercpp\x64\release\vtkviewscontext2d-9.3.dll
c:\users\hk100\desktop\war-prediction\crawling\viewercpp\x64\release\vtkviewscore-9.3.dll
c:\users\hk100\desktop\war-prediction\crawling\viewercpp\viewercpp\x64\release\viewercpp.ipdb
c:\users\hk100\desktop\war-prediction\crawling\viewercpp\viewercpp\x64\release\viewercpp.iobj
c:\users\hk100\desktop\war-prediction\crawling\viewercpp\viewercpp\x64\release\viewercpp.tlog\cl.command.1.tlog
c:\users\hk100\desktop\war-prediction\crawling\viewercpp\viewercpp\x64\release\viewercpp.tlog\cl.items.tlog
c:\users\hk100\desktop\war-prediction\crawling\viewercpp\viewercpp\x64\release\viewercpp.tlog\cl.read.1.tlog
c:\users\hk100\desktop\war-prediction\crawling\viewercpp\viewercpp\x64\release\viewercpp.tlog\cl.write.1.tlog
c:\users\hk100\desktop\war-prediction\crawling\viewercpp\viewercpp\x64\release\viewercpp.tlog\link.command.1.tlog
c:\users\hk100\desktop\war-prediction\crawling\viewercpp\viewercpp\x64\release\viewercpp.tlog\link.read.1.tlog
c:\users\hk100\desktop\war-prediction\crawling\viewercpp\viewercpp\x64\release\viewercpp.tlog\link.secondary.1.tlog
c:\users\hk100\desktop\war-prediction\crawling\viewercpp\viewercpp\x64\release\viewercpp.tlog\link.write.1.tlog
c:\users\hk100\desktop\war-prediction\crawling\viewercpp\viewercpp\x64\release\viewercpp.tlog\viewercpp.write.1u.tlog
